-----Test 1------
outer
-----Test 2------
1
2
1
3
-----Test 3------
-1
0
1
-----Test 4------
7
-----Test 5------
10