1
3
5
7
0
1
3
5
7
1
3
5
7
2
1
3
5
7
1
3
5
7
4
TerminÃ©
