0
Fini 1
0
1
Fini 2
0
1
2
Fini 3
0
1
2
Fini 4
1
1
1
Fini 5
1
2
3
4
5
