Example 1
impair
pair
impair
Example 2
0
1
Example 3
0
1