--------Example 1--------
8
--------Example 2--------
Rouge
0
2
4
50
1
2