-----Test: Armstrong-----
0
1
2
3
4
5
6
7
8
9
153
370
371
407