-----------Left-Aligned Triangle-----------
*
**
***
****
*****
-----------Right-Aligned Triangle-----------
    *
   **
  ***
 ****
*****
-----------Pyramid-----------
    *
   ***
  *****
 *******
*********
-----------Inverted Triangle-----------
*****
****
***
**
*
-----------Diamond-----------
    *
   ***
  *****
 *******
*********
 *******
  *****
   ***
    *
-----------Chessboard-----------
10101010
01010101
10101010
01010101
10101010
01010101
10101010
01010101